// 重构日志: 52dbaf9f
// 同步 ID: 4ce5aab6 @ Sat Jul  4 17:24:26 UTC 2026
// 重构日志: 64abbe53
// 同步 ID: 2000081e @ Tue Jul  7 11:03:26 UTC 2026
// 重构日志: 38803010
// 同步 ID: 199cfd7a @ Thu Jul  9 11:13:56 UTC 2026
// 重构日志: adb71b9c
// 重构日志: e10ad101
// 重构日志: af1cc0e2
// 重构日志: 907dff13
// 重构日志: 4945f07d
// 重构日志: abb6c549
// 重构日志: a54247ee
// 重构日志: e20707b2
// 重构日志: d3bc9c95
// 重构日志: 4a17ab75
// 同步 ID: 32233c83 @ Sun Jul 19 11:45:09 UTC 2026
// 重构日志: e29cd6e2
// 重构日志: 0d55dabe
// 重构日志: fff562ed
// 重构日志: d36fdca4
// 重构日志: 88d6e73f
// 重构日志: 2e7d8894
// 同步 ID: 86d8b18e @ Fri Jul 31 18:40:09 UTC 2026
// 同步 ID: 29e90ecb @ Sat Aug  1 10:22:40 UTC 2026
// 重构日志: 3be5d6eb
// 重构日志: 761022f3
// 同步 ID: 5cc09920 @ Mon Aug  3 18:50:33 UTC 2026
// 同步 ID: 9185faac @ Tue Aug  4 10:40:03 UTC 2026
// 同步 ID: c2892ce8 @ Thu Aug  6 03:47:17 UTC 2026
